// Jest Snapshot v1, https://goo.gl/fbAQLP

exports[`Map component should render correctly 1`] = `
<div>
  <svg
    height="100"
    width="100"
  >
    <g>
      <path
        class="sc-bdfCDU jctcNe"
        d=""
      />
      <path
        d=""
        fill="none"
        id="Region 1-name-path"
      />
      <text
        class="sc-gsTDqH ffSeKL"
      >
        <textpath
          font-size="24"
          href="#Region 1-name-path"
          startOffset="50%"
          text-anchor="middle"
        >
          Region 1
        </textpath>
      </text>
    </g>
    <g>
      <path
        class="sc-bdfCDU jctcNe"
        d=""
      />
      <path
        d=""
        fill="none"
        id="Region 2-name-path"
      />
      <text
        class="sc-gsTDqH ffSeKL"
      >
        <textpath
          font-size="24"
          href="#Region 2-name-path"
          startOffset="50%"
          text-anchor="middle"
        >
          Region 2
        </textpath>
      </text>
    </g>
    <g>
      <path
        class="sc-bdfCDU jctcNe"
        d=""
      />
      <path
        d=""
        fill="none"
        id="Region 3-name-path"
      />
      <text
        class="sc-gsTDqH ffSeKL"
      >
        <textpath
          font-size="24"
          href="#Region 3-name-path"
          startOffset="50%"
          text-anchor="middle"
        >
          Region 3
        </textpath>
      </text>
    </g>
  </svg>
</div>
`;
