// Jest Snapshot v1, https://goo.gl/fbAQLP

exports[`Region component should render correctly 1`] = `
<div>
  <g>
    <path
      class="sc-bdfCDU jctcNe"
      d=""
    />
    <path
      d=""
      fill="none"
      id="Region 1-name-path"
    />
    <text
      class="sc-gsTDqH ffSeKL"
    >
      <textpath
        font-size="24"
        href="#Region 1-name-path"
        startoffset="50%"
        text-anchor="middle"
      >
        Region 1
      </textpath>
    </text>
  </g>
</div>
`;
